/Users/macbook/Downloads/bomberman-oop-starter-2 2/src/hust/oop/bomberman/entities/movingobject/enemies/Oneal.java
/Users/macbook/Downloads/bomberman-oop-starter-2 2/src/hust/oop/bomberman/graphics/SpriteSheet.java
/Users/macbook/Downloads/bomberman-oop-starter-2 2/src/hust/oop/bomberman/scenemaster/LobbyController.java
/Users/macbook/Downloads/bomberman-oop-starter-2 2/src/hust/oop/bomberman/entities/movingobject/enemies/Balloom.java
/Users/macbook/Downloads/bomberman-oop-starter-2 2/src/hust/oop/bomberman/map_graph/CollisionManager.java
/Users/macbook/Downloads/bomberman-oop-starter-2 2/src/hust/oop/bomberman/BombermanGame.java
/Users/macbook/Downloads/bomberman-oop-starter-2 2/src/hust/oop/bomberman/entities/movingobject/enemies/MediumEnemy.java
/Users/macbook/Downloads/bomberman-oop-starter-2 2/src/hust/oop/bomberman/map_graph/Map.java
/Users/macbook/Downloads/bomberman-oop-starter-2 2/src/hust/oop/bomberman/entities/stillobject/Portal.java
/Users/macbook/Downloads/bomberman-oop-starter-2 2/src/hust/oop/bomberman/entities/stillobject/item/Item.java
/Users/macbook/Downloads/bomberman-oop-starter-2 2/src/hust/oop/bomberman/entities/movingobject/enemies/HardEnemy.java
/Users/macbook/Downloads/bomberman-oop-starter-2 2/src/hust/oop/bomberman/entities/stillobject/bomb/FlameAround.java
/Users/macbook/Downloads/bomberman-oop-starter-2 2/src/hust/oop/bomberman/map_graph/Graph.java
/Users/macbook/Downloads/bomberman-oop-starter-2 2/src/hust/oop/bomberman/audiomaster/Audio.java
/Users/macbook/Downloads/bomberman-oop-starter-2 2/src/hust/oop/bomberman/graphics/Sprite.java
/Users/macbook/Downloads/bomberman-oop-starter-2 2/src/hust/oop/bomberman/entities/Entity.java
/Users/macbook/Downloads/bomberman-oop-starter-2 2/src/hust/oop/bomberman/entities/stillobject/item/BombItem.java
/Users/macbook/Downloads/bomberman-oop-starter-2 2/src/hust/oop/bomberman/map_graph/Edge.java
/Users/macbook/Downloads/bomberman-oop-starter-2 2/src/hust/oop/bomberman/entities/stillobject/StillObject.java
/Users/macbook/Downloads/bomberman-oop-starter-2 2/src/hust/oop/bomberman/entities/movingobject/enemies/Kondoria.java
/Users/macbook/Downloads/bomberman-oop-starter-2 2/src/hust/oop/bomberman/map_graph/Vertice.java
/Users/macbook/Downloads/bomberman-oop-starter-2 2/src/hust/oop/bomberman/entities/stillobject/Wall.java
/Users/macbook/Downloads/bomberman-oop-starter-2 2/src/hust/oop/bomberman/entities/movingobject/enemies/Doll.java
/Users/macbook/Downloads/bomberman-oop-starter-2 2/src/hust/oop/bomberman/entities/stillobject/Brick.java
/Users/macbook/Downloads/bomberman-oop-starter-2 2/src/hust/oop/bomberman/entities/stillobject/Grass.java
/Users/macbook/Downloads/bomberman-oop-starter-2 2/src/hust/oop/bomberman/entities/stillobject/bomb/Bomb.java
/Users/macbook/Downloads/bomberman-oop-starter-2 2/src/hust/oop/bomberman/entities/stillobject/item/SpeedItem.java
/Users/macbook/Downloads/bomberman-oop-starter-2 2/src/hust/oop/bomberman/Level.java
/Users/macbook/Downloads/bomberman-oop-starter-2 2/src/hust/oop/bomberman/audiomaster/AudioController.java
/Users/macbook/Downloads/bomberman-oop-starter-2 2/src/hust/oop/bomberman/GameController.java
/Users/macbook/Downloads/bomberman-oop-starter-2 2/src/hust/oop/bomberman/entities/movingobject/MovingObject.java
/Users/macbook/Downloads/bomberman-oop-starter-2 2/src/hust/oop/bomberman/entities/movingobject/Bomber.java
/Users/macbook/Downloads/bomberman-oop-starter-2 2/src/hust/oop/bomberman/scenemaster/SceneController.java
/Users/macbook/Downloads/bomberman-oop-starter-2 2/src/hust/oop/bomberman/entities/stillobject/item/FlameItem.java
/Users/macbook/Downloads/bomberman-oop-starter-2 2/src/hust/oop/bomberman/entities/movingobject/enemies/EasyEnemy.java
/Users/macbook/Downloads/bomberman-oop-starter-2 2/src/hust/oop/bomberman/scenemaster/PlayingController.java
/Users/macbook/Downloads/bomberman-oop-starter-2 2/src/hust/oop/bomberman/entities/movingobject/enemies/Enemy.java
